EN cpld_top NULL "C:/Users/Bryce/Dropbox/University/Year 5/Semester 2/Electronic System Design/20170811 Workshop 3 - Project Introduction/Base Code/ESD_CPLD_2014 FINAL/CPLD_top.vhf" sub00/vhpl00 1533699976
AR cpld_top behavioral "C:/Users/Bryce/Dropbox/University/Year 5/Semester 2/Electronic System Design/20170811 Workshop 3 - Project Introduction/Base Code/ESD_CPLD_2014 FINAL/CPLD_top.vhf" sub00/vhpl01 1533699977
